[maharashtralottery.club/index.html]
[backblue.gif]
[fade.gif]
[index.html]
[maharashtralottery.club/public/assests/favicon/android-icon-192x192.png]
[maharashtralottery.club/public/assests/favicon/favicon-32x32.png]
[maharashtralottery.club/public/assests/favicon/favicon-96x96.png]
[maharashtralottery.club/public/assests/favicon/favicon-16x16.png]
[maharashtralottery.club/public/assests/favicon/manifest.json]
[maharashtralottery.club/public/assests/favicon/ms-icon-144x144.png]
[maharashtralottery.club/public/assests/vendor/bootstrap/css/bootstrap.min.css]
[maharashtralottery.club/public/assests/css/style.css]
[maharashtralottery.club/public/assests/css/propeller-user-manual.min.css]
[maharashtralottery.club/public/assests/css/icofont.min.css]
[maharashtralottery.club/public/assests/css/font-awesome.min.css]
[maharashtralottery.club/public/assests/vendor/jquery/jquery.min.js]
[maharashtralottery.club/public/assests/dist/skitter.css]
[maharashtralottery.club/public/assests/dist/jquery.easing.1.3.js]
[maharashtralottery.club/public/assests/dist/jquery.skitter.min.js]
[maharashtralottery.club/public/assests/images/loading.gif]
[maharashtralottery.club/public/assests/images/spinner.webp]
[maharashtralottery.club/public/assests/images/maharatra_lottery_logo.png]
[maharashtralottery.club/public/assests/images/p1.jpg]
[maharashtralottery.club/public/assests/images/p2.jpg]
[maharashtralottery.club/public/assests/images/p3.jpg]
[maharashtralottery.club/public/assests/images/p4.jpg]
[maharashtralottery.club/result.html]
[maharashtralottery.club/public/assests/images/casino.gif]
[maharashtralottery.club/public/assests/images/home.png]
[maharashtralottery.club/public/assests/images/result.png]
[maharashtralottery.club/contact-us.html]
[maharashtralottery.club/public/assests/images/contactus.png]
[maharashtralottery.club/public/assests/vendor/jquery/jquery.waypoints.min.js]
[maharashtralottery.club/public/assests/vendor/jquery/counterup.min.js]
[maharashtralottery.club/public/assests/vendor/jquery/jquery.validate.min.js]
[maharashtralottery.club/public/assests/vendor/jquery/additional-methods.min.js]
[maharashtralottery.club/public/assests/vendor/jquery/jquery-ui.js]
[maharashtralottery.club/public/assests/vendor/bootstrap/js/bootstrap.bundle.min.js]
[maharashtralottery.club/public/assests/vendor/jquery/main.js]
[maharashtralottery.club/public/assests/vendor/jquery/jquery.dataTables.min.js]
[maharashtralottery.club/public/assests/vendor/jquery/jsapi.js]
[maharashtralottery.club/public/assests/vendor/bootstrap/js/bootstrap-datepicker.min.js]
[maharashtralottery.club/public/assests/vendor/bootstrap/js/toastr.min.js]
[maharashtralottery.club/public/assests/vendor/jquery/admin-main.js]
[maharashtralottery.club/index.html]
[maharashtralottery.club/public/assests/vendor/bootstrap/css/bootstrap.min.css]
[maharashtralottery.club/public/assests/images/slideshow_bg.jpg]
[maharashtralottery.club/public/assests/images/social-icon.html]
[maharashtralottery.club/public/assests/images/header-border.jpg]
[maharashtralottery.club/public/assests/css/style.css]
[maharashtralottery.club/public/assests/fonts/roboto/Roboto-Thin-webfontd41d.html]
[maharashtralottery.club/public/assests/fonts/roboto/Roboto-Thin-webfont.html]
[maharashtralottery.club/public/assests/fonts/roboto/Roboto-Thin-webfont-2.html]
[maharashtralottery.club/public/assests/fonts/roboto/Roboto-Light-webfontd41d.html]
[maharashtralottery.club/public/assests/fonts/roboto/Roboto-Light-webfont.html]
[maharashtralottery.club/public/assests/fonts/roboto/Roboto-Light-webfont-2.html]
[maharashtralottery.club/public/assests/fonts/roboto/Roboto-Regular-webfontd41d.html]
[maharashtralottery.club/public/assests/fonts/roboto/Roboto-Regular-webfont.html]
[maharashtralottery.club/public/assests/fonts/roboto/Roboto-Regular-webfont-2.html]
[maharashtralottery.club/public/assests/fonts/roboto/Roboto-Medium-webfontd41d.html]
[maharashtralottery.club/public/assests/fonts/roboto/Roboto-Medium-webfont.html]
[maharashtralottery.club/public/assests/fonts/roboto/Roboto-Medium-webfont-2.html]
[maharashtralottery.club/public/assests/fonts/roboto/Roboto-Bold-webfontd41d.html]
[maharashtralottery.club/public/assests/fonts/roboto/Roboto-Bold-webfont.html]
[maharashtralottery.club/public/assests/fonts/roboto/Roboto-Bold-webfont-2.html]
[maharashtralottery.club/public/assests/fonts/roboto/Roboto-Black-webfontd41d.html]
[maharashtralottery.club/public/assests/fonts/roboto/Roboto-Black-webfont.html]
[maharashtralottery.club/public/assests/fonts/roboto/Roboto-Black-webfont-2.html]
[maharashtralottery.club/public/assets/images/baseline-arrow_drop_down.html]
[maharashtralottery.club/public/assets/images/baseline-arrow_drop_down-white.html]
[maharashtralottery.club/rating/fonts/raty/wbotelhos.html]
[maharashtralottery.club/rating/fonts/raty/ratyd41d.html]
[maharashtralottery.club/rating/fonts/raty/raty.html]
[maharashtralottery.club/rating/fonts/raty/raty-2.html]
[maharashtralottery.club/rating/fonts/raty/raty-3.html]
[maharashtralottery.club/public/assests/css/propeller-user-manual.min.css]
[maharashtralottery.club/public/assests/css/fonts/icofont.woff2]
[maharashtralottery.club/public/assests/css/icofont.min.css]
[maharashtralottery.club/public/assests/css/fonts/icofont.woff]
[maharashtralottery.club/public/assests/fonts/fontawesome-webfontd41d.eot]
[maharashtralottery.club/public/assests/fonts/fontawesome-webfont3295.woff2]
[maharashtralottery.club/public/assests/fonts/fontawesome-webfont3295.eot]
[maharashtralottery.club/public/assests/fonts/fontawesome-webfont3295.woff]
[maharashtralottery.club/public/assests/fonts/fontawesome-webfont3295.ttf]
[maharashtralottery.club/public/assests/css/font-awesome.min.css]
[maharashtralottery.club/public/assests/vendor/jquery/jquery.min.js]
[maharashtralottery.club/public/assests/fonts/fontawesome-webfont3295.svg]
[maharashtralottery.club/public/assests/dist/skitter.css]
[maharashtralottery.club/public/assests/dist/jquery.easing.1.3.js]
[maharashtralottery.club/public/assests/dist/jquery.skitter.min.js]
[maharashtralottery.club/result.html]
[maharashtralottery.club/contact-us.html]
[maharashtralottery.club/public/assests/vendor/jquery/jquery.waypoints.min.js]
[maharashtralottery.club/public/assests/vendor/jquery/counterup.min.js]
[maharashtralottery.club/public/assests/vendor/jquery/jquery.validate.min.js]
[maharashtralottery.club/public/assests/vendor/jquery/additional-methods.min.js]
[maharashtralottery.club/public/assests/vendor/jquery/jquery-ui.js]
[maharashtralottery.club/public/assests/vendor/bootstrap/js/bootstrap.bundle.min.js]
[maharashtralottery.club/public/assests/vendor/jquery/main.js]
[maharashtralottery.club/public/assests/vendor/jquery/jquery.dataTables.min.js]
[maharashtralottery.club/google.loader.html]
[maharashtralottery.club/public/assests/vendor/jquery/jsapi.js]
[maharashtralottery.club/public/assests/vendor/bootstrap/js/bootstrap-datepicker.min.js]
[maharashtralottery.club/public/assests/vendor/bootstrap/js/toastr.min.js]
[maharashtralottery.club/public/assests/vendor/jquery/admin-main.js]
[maharashtralottery.club/public/assests/images/social-icon.html]
[maharashtralottery.club/public/assests/images/counts-bg.png]
[maharashtralottery.club/public/assests/fonts/roboto/Roboto-Thin-webfontd41d.html]
[maharashtralottery.club/public/assests/fonts/roboto/Roboto-Thin-webfont.html]
[maharashtralottery.club/public/assests/fonts/roboto/Roboto-Thin-webfont-2.html]
[maharashtralottery.club/public/assests/fonts/roboto/Roboto-Light-webfontd41d.html]
[maharashtralottery.club/public/assests/fonts/roboto/Roboto-Light-webfont.html]
[maharashtralottery.club/public/assests/fonts/roboto/Roboto-Light-webfont-2.html]
[maharashtralottery.club/public/assests/fonts/roboto/Roboto-Regular-webfontd41d.html]
[maharashtralottery.club/public/assests/fonts/roboto/Roboto-Regular-webfont.html]
[maharashtralottery.club/public/assests/fonts/roboto/Roboto-Regular-webfont-2.html]
[maharashtralottery.club/public/assests/fonts/roboto/Roboto-Medium-webfontd41d.html]
[maharashtralottery.club/public/assests/fonts/roboto/Roboto-Medium-webfont.html]
[maharashtralottery.club/public/assests/fonts/roboto/Roboto-Medium-webfont-2.html]
[maharashtralottery.club/public/assests/fonts/roboto/Roboto-Bold-webfontd41d.html]
[maharashtralottery.club/public/assests/fonts/roboto/Roboto-Bold-webfont.html]
[maharashtralottery.club/public/assests/fonts/roboto/Roboto-Bold-webfont-2.html]
[maharashtralottery.club/public/assests/fonts/roboto/Roboto-Black-webfontd41d.html]
[maharashtralottery.club/public/assests/fonts/roboto/Roboto-Black-webfont.html]
[maharashtralottery.club/public/assests/fonts/roboto/Roboto-Black-webfont-2.html]
[maharashtralottery.club/public/assets/images/baseline-arrow_drop_down.html]
[maharashtralottery.club/public/assets/images/baseline-arrow_drop_down-white.html]
[maharashtralottery.club/public/assests/css/owl.video.play.png]
[maharashtralottery.club/rating/fonts/raty/wbotelhos.html]
[maharashtralottery.club/rating/fonts/raty/ratyd41d.html]
[maharashtralottery.club/rating/fonts/raty/raty.html]
[maharashtralottery.club/rating/fonts/raty/raty-2.html]
[maharashtralottery.club/rating/fonts/raty/raty-3.html]
[maharashtralottery.club/public/assests/fonts/fontawesome-webfont3295.svg]
[maharashtralottery.club/public/assests/images/skitter/sprite-default.png]
[maharashtralottery.club/public/assests/images/skitter/sprite-clean.png]
[maharashtralottery.club/public/assests/images/skitter/sprite-minimalist.png]
[maharashtralottery.club/public/assests/images/skitter/sprite-round.png]
[maharashtralottery.club/public/assests/images/skitter/sprite-square.png]
[maharashtralottery.club/google.loader.html]
[www.google.com/cse/style/look/bubblegum.html]
[www.google.com/cse/style/look/greensky.html]
[www.google.com/cse/style/look/espresso.html]
[www.google.com/cse/style/look/shiny.html]
[www.google.com/cse/style/look/minimalist.html]
[www.google.com/cse/style/look/v2/default.html]
